Archive member included to satisfy reference by file (symbol)

c:/program files (x86)/atmel/studio/7.0/toolchain/avr8/avr8-gnu-toolchain/bin/../lib/gcc/avr/5.4.0/avr5\libgcc.a(_divmodhi4.o)
                              Mcal/TIMER0_DRIVER/SRC/TIMER0.o (__divmodhi4)
c:/program files (x86)/atmel/studio/7.0/toolchain/avr8/avr8-gnu-toolchain/bin/../lib/gcc/avr/5.4.0/avr5\libgcc.a(_exit.o)
                              C:/Program Files (x86)/Atmel/Studio/7.0/Packs/atmel/ATmega_DFP/1.7.374/gcc/dev/atmega32/avr5/crtatmega32.o (exit)
c:/program files (x86)/atmel/studio/7.0/toolchain/avr8/avr8-gnu-toolchain/bin/../lib/gcc/avr/5.4.0/avr5\libgcc.a(_copy_data.o)
                              HAL/KEYPAD_DRIVER/SRC/KEYPAD.o (__do_copy_data)
c:/program files (x86)/atmel/studio/7.0/toolchain/avr8/avr8-gnu-toolchain/bin/../lib/gcc/avr/5.4.0/avr5\libgcc.a(_clear_bss.o)
                              Mcal/EXTERNAL_INTERRUPT/SRC/EX_INTERRUPT.o (__do_clear_bss)
c:/program files (x86)/atmel/studio/7.0/toolchain/avr8/avr8-gnu-toolchain/bin/../lib/gcc/avr/5.4.0/avr5\libgcc.a(_udivmodhi4.o)
                              c:/program files (x86)/atmel/studio/7.0/toolchain/avr8/avr8-gnu-toolchain/bin/../lib/gcc/avr/5.4.0/avr5\libgcc.a(_divmodhi4.o) (__udivmodhi4)

Discarded input sections

 .data          0x00000000        0x0 C:/Program Files (x86)/Atmel/Studio/7.0/Packs/atmel/ATmega_DFP/1.7.374/gcc/dev/atmega32/avr5/crtatmega32.o
 .bss           0x00000000        0x0 C:/Program Files (x86)/Atmel/Studio/7.0/Packs/atmel/ATmega_DFP/1.7.374/gcc/dev/atmega32/avr5/crtatmega32.o
 .text          0x00000000        0x0 HAL/BUUTON_DRIVER/SRC/BUTTONs.o
 .data          0x00000000        0x0 HAL/BUUTON_DRIVER/SRC/BUTTONs.o
 .bss           0x00000000        0x0 HAL/BUUTON_DRIVER/SRC/BUTTONs.o
 .debug_line    0x00000000        0x0 HAL/BUUTON_DRIVER/SRC/BUTTONs.o
 .debug_str     0x00000000      0x126 HAL/BUUTON_DRIVER/SRC/BUTTONs.o
 .comment       0x00000000       0x31 HAL/BUUTON_DRIVER/SRC/BUTTONs.o
 .text          0x00000000        0x0 HAL/BUZZER_DRIVER/SRC/BUZ.o
 .data          0x00000000        0x0 HAL/BUZZER_DRIVER/SRC/BUZ.o
 .bss           0x00000000        0x0 HAL/BUZZER_DRIVER/SRC/BUZ.o
 .text.BUZ_INIT
                0x00000000        0xc HAL/BUZZER_DRIVER/SRC/BUZ.o
 .text.BUZ_TurnON
                0x00000000        0xc HAL/BUZZER_DRIVER/SRC/BUZ.o
 .text.BUZ_TurnOFF
                0x00000000        0xc HAL/BUZZER_DRIVER/SRC/BUZ.o
 .text.BUZ_TOGGLE
                0x00000000        0xa HAL/BUZZER_DRIVER/SRC/BUZ.o
 .debug_info    0x00000000      0x1d4 HAL/BUZZER_DRIVER/SRC/BUZ.o
 .debug_abbrev  0x00000000       0x85 HAL/BUZZER_DRIVER/SRC/BUZ.o
 .debug_aranges
                0x00000000       0x38 HAL/BUZZER_DRIVER/SRC/BUZ.o
 .debug_ranges  0x00000000       0x28 HAL/BUZZER_DRIVER/SRC/BUZ.o
 .debug_line    0x00000000       0xe7 HAL/BUZZER_DRIVER/SRC/BUZ.o
 .debug_str     0x00000000      0x228 HAL/BUZZER_DRIVER/SRC/BUZ.o
 .comment       0x00000000       0x31 HAL/BUZZER_DRIVER/SRC/BUZ.o
 .debug_frame   0x00000000       0x54 HAL/BUZZER_DRIVER/SRC/BUZ.o
 .text          0x00000000        0x0 HAL/KEYPAD_DRIVER/SRC/KEYPAD.o
 .data          0x00000000        0x0 HAL/KEYPAD_DRIVER/SRC/KEYPAD.o
 .bss           0x00000000        0x0 HAL/KEYPAD_DRIVER/SRC/KEYPAD.o
 .text.KEYPAD_init
                0x00000000       0x52 HAL/KEYPAD_DRIVER/SRC/KEYPAD.o
 .rodata        0x00000000       0x10 HAL/KEYPAD_DRIVER/SRC/KEYPAD.o
 .text.KEYPAD_checkKey
                0x00000000      0x182 HAL/KEYPAD_DRIVER/SRC/KEYPAD.o
 .debug_info    0x00000000      0x421 HAL/KEYPAD_DRIVER/SRC/KEYPAD.o
 .debug_abbrev  0x00000000       0xe7 HAL/KEYPAD_DRIVER/SRC/KEYPAD.o
 .debug_loc     0x00000000       0x73 HAL/KEYPAD_DRIVER/SRC/KEYPAD.o
 .debug_aranges
                0x00000000       0x28 HAL/KEYPAD_DRIVER/SRC/KEYPAD.o
 .debug_ranges  0x00000000       0x18 HAL/KEYPAD_DRIVER/SRC/KEYPAD.o
 .debug_line    0x00000000      0x257 HAL/KEYPAD_DRIVER/SRC/KEYPAD.o
 .debug_str     0x00000000      0x22c HAL/KEYPAD_DRIVER/SRC/KEYPAD.o
 .comment       0x00000000       0x31 HAL/KEYPAD_DRIVER/SRC/KEYPAD.o
 .debug_frame   0x00000000       0x4c HAL/KEYPAD_DRIVER/SRC/KEYPAD.o
 .text          0x00000000        0x0 HAL/LCD_DRIVER/SRC/LCD.o
 .data          0x00000000        0x0 HAL/LCD_DRIVER/SRC/LCD.o
 .bss           0x00000000        0x0 HAL/LCD_DRIVER/SRC/LCD.o
 .text.LCD_writeCMD
                0x00000000       0xfe HAL/LCD_DRIVER/SRC/LCD.o
 .text.lcd_init
                0x00000000       0x86 HAL/LCD_DRIVER/SRC/LCD.o
 .text.LCD_writeData
                0x00000000       0xfe HAL/LCD_DRIVER/SRC/LCD.o
 .text.LCD_writeString
                0x00000000       0x1a HAL/LCD_DRIVER/SRC/LCD.o
 .debug_info    0x00000000      0xac8 HAL/LCD_DRIVER/SRC/LCD.o
 .debug_abbrev  0x00000000      0x16b HAL/LCD_DRIVER/SRC/LCD.o
 .debug_loc     0x00000000      0x5e7 HAL/LCD_DRIVER/SRC/LCD.o
 .debug_aranges
                0x00000000       0x38 HAL/LCD_DRIVER/SRC/LCD.o
 .debug_ranges  0x00000000       0x28 HAL/LCD_DRIVER/SRC/LCD.o
 .debug_line    0x00000000      0x3cd HAL/LCD_DRIVER/SRC/LCD.o
 .debug_str     0x00000000      0x3f1 HAL/LCD_DRIVER/SRC/LCD.o
 .comment       0x00000000       0x31 HAL/LCD_DRIVER/SRC/LCD.o
 .debug_frame   0x00000000       0x70 HAL/LCD_DRIVER/SRC/LCD.o
 .text          0x00000000        0x0 HAL/LED_DRIVER/SRC/LED.o
 .data          0x00000000        0x0 HAL/LED_DRIVER/SRC/LED.o
 .bss           0x00000000        0x0 HAL/LED_DRIVER/SRC/LED.o
 .text.LEDs_init
                0x00000000       0x2a HAL/LED_DRIVER/SRC/LED.o
 .text.LEDs_off
                0x00000000       0x40 HAL/LED_DRIVER/SRC/LED.o
 .text.LEDs_on  0x00000000       0x40 HAL/LED_DRIVER/SRC/LED.o
 .text.LEDs_toggle
                0x00000000       0x38 HAL/LED_DRIVER/SRC/LED.o
 .debug_info    0x00000000      0x385 HAL/LED_DRIVER/SRC/LED.o
 .debug_abbrev  0x00000000       0xae HAL/LED_DRIVER/SRC/LED.o
 .debug_loc     0x00000000      0x144 HAL/LED_DRIVER/SRC/LED.o
 .debug_aranges
                0x00000000       0x38 HAL/LED_DRIVER/SRC/LED.o
 .debug_ranges  0x00000000       0x28 HAL/LED_DRIVER/SRC/LED.o
 .debug_line    0x00000000      0x19d HAL/LED_DRIVER/SRC/LED.o
 .debug_str     0x00000000      0x251 HAL/LED_DRIVER/SRC/LED.o
 .comment       0x00000000       0x31 HAL/LED_DRIVER/SRC/LED.o
 .debug_frame   0x00000000       0x54 HAL/LED_DRIVER/SRC/LED.o
 .text          0x00000000        0x0 main.o
 .data          0x00000000        0x0 main.o
 .bss           0x00000000        0x0 main.o
 .text          0x00000000        0x0 Mcal/DIO_DRIVER/SRC/DIO.o
 .data          0x00000000        0x0 Mcal/DIO_DRIVER/SRC/DIO.o
 .bss           0x00000000        0x0 Mcal/DIO_DRIVER/SRC/DIO.o
 .text.DIO_setPinDirection
                0x00000000       0xda Mcal/DIO_DRIVER/SRC/DIO.o
 .text.DIO_setPinChannel
                0x00000000       0xda Mcal/DIO_DRIVER/SRC/DIO.o
 .text.DIO_FLIP_Channel
                0x00000000       0x68 Mcal/DIO_DRIVER/SRC/DIO.o
 .text.READ_PIN_CHANNEL
                0x00000000       0x5c Mcal/DIO_DRIVER/SRC/DIO.o
 .debug_info    0x00000000      0x22a Mcal/DIO_DRIVER/SRC/DIO.o
 .debug_abbrev  0x00000000       0xbd Mcal/DIO_DRIVER/SRC/DIO.o
 .debug_loc     0x00000000      0x30c Mcal/DIO_DRIVER/SRC/DIO.o
 .debug_aranges
                0x00000000       0x38 Mcal/DIO_DRIVER/SRC/DIO.o
 .debug_ranges  0x00000000       0x28 Mcal/DIO_DRIVER/SRC/DIO.o
 .debug_line    0x00000000      0x239 Mcal/DIO_DRIVER/SRC/DIO.o
 .debug_str     0x00000000      0x268 Mcal/DIO_DRIVER/SRC/DIO.o
 .comment       0x00000000       0x31 Mcal/DIO_DRIVER/SRC/DIO.o
 .debug_frame   0x00000000       0x54 Mcal/DIO_DRIVER/SRC/DIO.o
 .text          0x00000000        0x0 Mcal/EEPROM/SRC/EEPROM.o
 .data          0x00000000        0x0 Mcal/EEPROM/SRC/EEPROM.o
 .bss           0x00000000        0x0 Mcal/EEPROM/SRC/EEPROM.o
 .text.EEPROM_write
                0x00000000       0x18 Mcal/EEPROM/SRC/EEPROM.o
 .text.EEPROM_read
                0x00000000       0x12 Mcal/EEPROM/SRC/EEPROM.o
 .debug_info    0x00000000       0xd8 Mcal/EEPROM/SRC/EEPROM.o
 .debug_abbrev  0x00000000       0x80 Mcal/EEPROM/SRC/EEPROM.o
 .debug_loc     0x00000000       0x58 Mcal/EEPROM/SRC/EEPROM.o
 .debug_aranges
                0x00000000       0x28 Mcal/EEPROM/SRC/EEPROM.o
 .debug_ranges  0x00000000       0x18 Mcal/EEPROM/SRC/EEPROM.o
 .debug_line    0x00000000       0xf6 Mcal/EEPROM/SRC/EEPROM.o
 .debug_str     0x00000000      0x1bc Mcal/EEPROM/SRC/EEPROM.o
 .comment       0x00000000       0x31 Mcal/EEPROM/SRC/EEPROM.o
 .debug_frame   0x00000000       0x34 Mcal/EEPROM/SRC/EEPROM.o
 .text          0x00000000        0x0 Mcal/EXTERNAL_INTERRUPT/SRC/EX_INTERRUPT.o
 .data          0x00000000        0x0 Mcal/EXTERNAL_INTERRUPT/SRC/EX_INTERRUPT.o
 .bss           0x00000000        0x0 Mcal/EXTERNAL_INTERRUPT/SRC/EX_INTERRUPT.o
 .text.Enable_EX_Inter
                0x00000000       0xe8 Mcal/EXTERNAL_INTERRUPT/SRC/EX_INTERRUPT.o
 .text.Disable_EX_Inter
                0x00000000       0x24 Mcal/EXTERNAL_INTERRUPT/SRC/EX_INTERRUPT.o
 .text          0x00000000        0x0 Mcal/GLOBAL_INTERRUPT/SRC/GLOBAL_INTERRUPT.o
 .data          0x00000000        0x0 Mcal/GLOBAL_INTERRUPT/SRC/GLOBAL_INTERRUPT.o
 .bss           0x00000000        0x0 Mcal/GLOBAL_INTERRUPT/SRC/GLOBAL_INTERRUPT.o
 .text.Enable_Global_Inter
                0x00000000        0x8 Mcal/GLOBAL_INTERRUPT/SRC/GLOBAL_INTERRUPT.o
 .text.Disable_Global_Inter
                0x00000000        0x8 Mcal/GLOBAL_INTERRUPT/SRC/GLOBAL_INTERRUPT.o
 .debug_info    0x00000000       0x8f Mcal/GLOBAL_INTERRUPT/SRC/GLOBAL_INTERRUPT.o
 .debug_abbrev  0x00000000       0x44 Mcal/GLOBAL_INTERRUPT/SRC/GLOBAL_INTERRUPT.o
 .debug_aranges
                0x00000000       0x28 Mcal/GLOBAL_INTERRUPT/SRC/GLOBAL_INTERRUPT.o
 .debug_ranges  0x00000000       0x18 Mcal/GLOBAL_INTERRUPT/SRC/GLOBAL_INTERRUPT.o
 .debug_line    0x00000000       0xc7 Mcal/GLOBAL_INTERRUPT/SRC/GLOBAL_INTERRUPT.o
 .debug_str     0x00000000      0x1c2 Mcal/GLOBAL_INTERRUPT/SRC/GLOBAL_INTERRUPT.o
 .comment       0x00000000       0x31 Mcal/GLOBAL_INTERRUPT/SRC/GLOBAL_INTERRUPT.o
 .debug_frame   0x00000000       0x34 Mcal/GLOBAL_INTERRUPT/SRC/GLOBAL_INTERRUPT.o
 .text          0x00000000        0x0 Mcal/I2C_DRIVER/SRC/I2C.o
 .data          0x00000000        0x0 Mcal/I2C_DRIVER/SRC/I2C.o
 .bss           0x00000000        0x0 Mcal/I2C_DRIVER/SRC/I2C.o
 .text.I2C_voidMasterInit
                0x00000000        0xa Mcal/I2C_DRIVER/SRC/I2C.o
 .text.I2C_voidSlaveInit
                0x00000000        0x8 Mcal/I2C_DRIVER/SRC/I2C.o
 .text.I2C_enuSendStartCondition
                0x00000000       0x1a Mcal/I2C_DRIVER/SRC/I2C.o
 .text.I2C_enuSendReStartCondition
                0x00000000       0x1a Mcal/I2C_DRIVER/SRC/I2C.o
 .text.I2C_enuSendSlaveAddWithWrite
                0x00000000       0x24 Mcal/I2C_DRIVER/SRC/I2C.o
 .text.I2C_enuSendSlaveAddWithRead
                0x00000000       0x24 Mcal/I2C_DRIVER/SRC/I2C.o
 .text.I2C_enuMasterSendDataByte
                0x00000000       0x1c Mcal/I2C_DRIVER/SRC/I2C.o
 .text.I2C_enuMasterReadDataByte
                0x00000000       0x20 Mcal/I2C_DRIVER/SRC/I2C.o
 .text.I2C_Slave_voidListen
                0x00000000       0x1a Mcal/I2C_DRIVER/SRC/I2C.o
 .text.I2C_Slave_enuReadu8Data
                0x00000000       0x20 Mcal/I2C_DRIVER/SRC/I2C.o
 .text.I2C_voidSendStopCondition
                0x00000000        0x6 Mcal/I2C_DRIVER/SRC/I2C.o
 .debug_info    0x00000000      0x23d Mcal/I2C_DRIVER/SRC/I2C.o
 .debug_abbrev  0x00000000       0xd3 Mcal/I2C_DRIVER/SRC/I2C.o
 .debug_loc     0x00000000       0xec Mcal/I2C_DRIVER/SRC/I2C.o
 .debug_aranges
                0x00000000       0x70 Mcal/I2C_DRIVER/SRC/I2C.o
 .debug_ranges  0x00000000       0x60 Mcal/I2C_DRIVER/SRC/I2C.o
 .debug_line    0x00000000      0x2d4 Mcal/I2C_DRIVER/SRC/I2C.o
 .debug_str     0x00000000      0x33d Mcal/I2C_DRIVER/SRC/I2C.o
 .comment       0x00000000       0x31 Mcal/I2C_DRIVER/SRC/I2C.o
 .debug_frame   0x00000000       0xc4 Mcal/I2C_DRIVER/SRC/I2C.o
 .text          0x00000000        0x0 Mcal/ICU_DRIVER/SRC/ICU.o
 .data          0x00000000        0x0 Mcal/ICU_DRIVER/SRC/ICU.o
 .bss           0x00000000        0x0 Mcal/ICU_DRIVER/SRC/ICU.o
 .text.Timer1_Init
                0x00000000       0x1e Mcal/ICU_DRIVER/SRC/ICU.o
 .text.TIMER1_Start
                0x00000000       0x94 Mcal/ICU_DRIVER/SRC/ICU.o
 .text.ICU_CATCH
                0x00000000       0x18 Mcal/ICU_DRIVER/SRC/ICU.o
 .text.ICU_get_pwm
                0x00000000       0x1a Mcal/ICU_DRIVER/SRC/ICU.o
 .text          0x00000000        0x0 Mcal/SPI_DRIVER/SRC/SPI.o
 .data          0x00000000        0x0 Mcal/SPI_DRIVER/SRC/SPI.o
 .bss           0x00000000        0x0 Mcal/SPI_DRIVER/SRC/SPI.o
 .text.SPI_init
                0x00000000       0x96 Mcal/SPI_DRIVER/SRC/SPI.o
 .text.SPI_u8ReceiveByteSynch
                0x00000000        0xa Mcal/SPI_DRIVER/SRC/SPI.o
 .text.SPI_EnableInterrupt
                0x00000000        0xa Mcal/SPI_DRIVER/SRC/SPI.o
 .bss.SPI_interrupt
                0x00000000        0x2 Mcal/SPI_DRIVER/SRC/SPI.o
 .debug_info    0x00000000      0x2df Mcal/SPI_DRIVER/SRC/SPI.o
 .debug_abbrev  0x00000000      0x12a Mcal/SPI_DRIVER/SRC/SPI.o
 .debug_loc     0x00000000       0x59 Mcal/SPI_DRIVER/SRC/SPI.o
 .debug_aranges
                0x00000000       0x30 Mcal/SPI_DRIVER/SRC/SPI.o
 .debug_ranges  0x00000000       0x20 Mcal/SPI_DRIVER/SRC/SPI.o
 .debug_line    0x00000000      0x18b Mcal/SPI_DRIVER/SRC/SPI.o
 .debug_str     0x00000000      0x258 Mcal/SPI_DRIVER/SRC/SPI.o
 .comment       0x00000000       0x31 Mcal/SPI_DRIVER/SRC/SPI.o
 .debug_frame   0x00000000       0x44 Mcal/SPI_DRIVER/SRC/SPI.o
 .text          0x00000000        0x0 Mcal/TIMER0_DRIVER/SRC/TIMER0.o
 .data          0x00000000        0x0 Mcal/TIMER0_DRIVER/SRC/TIMER0.o
 .bss           0x00000000        0x0 Mcal/TIMER0_DRIVER/SRC/TIMER0.o
 .text.TIMER0_SET_DUTY
                0x00000000       0x14 Mcal/TIMER0_DRIVER/SRC/TIMER0.o
 .text.TIMER0_INC_DUTY
                0x00000000        0x8 Mcal/TIMER0_DRIVER/SRC/TIMER0.o
 .text.TIMER0_DEC_DUTY
                0x00000000        0x8 Mcal/TIMER0_DRIVER/SRC/TIMER0.o
 .text.TIMER0_RESET_COUNTER
                0x00000000        0x4 Mcal/TIMER0_DRIVER/SRC/TIMER0.o
 .text.TIMER0_Start
                0x00000000       0x7e Mcal/TIMER0_DRIVER/SRC/TIMER0.o
 .text.TIMER0_Stop
                0x00000000       0x14 Mcal/TIMER0_DRIVER/SRC/TIMER0.o
 .text.TIMER0_Init
                0x00000000       0x5e Mcal/TIMER0_DRIVER/SRC/TIMER0.o
 .text.TIMER0_SetPreLoad
                0x00000000        0x4 Mcal/TIMER0_DRIVER/SRC/TIMER0.o
 .text.TIMER0_GetLoadValue
                0x00000000        0x4 Mcal/TIMER0_DRIVER/SRC/TIMER0.o
 .text.TIMER0_EnableInterrupt
                0x00000000       0x2a Mcal/TIMER0_DRIVER/SRC/TIMER0.o
 .text.TIMER0_DisableInterrupt
                0x00000000       0x1a Mcal/TIMER0_DRIVER/SRC/TIMER0.o
 .text          0x00000000        0x0 Mcal/UART_DRIVER/SRC/UART.o
 .data          0x00000000        0x0 Mcal/UART_DRIVER/SRC/UART.o
 .bss           0x00000000        0x0 Mcal/UART_DRIVER/SRC/UART.o
 .text.UART_Init
                0x00000000       0x1e Mcal/UART_DRIVER/SRC/UART.o
 .text.UART_TransmitChr
                0x00000000        0x8 Mcal/UART_DRIVER/SRC/UART.o
 .text.UART_ReceiveChr
                0x00000000        0x8 Mcal/UART_DRIVER/SRC/UART.o
 .text.UART_TransmitStr
                0x00000000       0x2c Mcal/UART_DRIVER/SRC/UART.o
 .text.UART_ReceiveStr
                0x00000000       0x36 Mcal/UART_DRIVER/SRC/UART.o
 .text.UART_EnableInterrupt
                0x00000000        0xa Mcal/UART_DRIVER/SRC/UART.o
 .bss.BB        0x00000000       0x20 Mcal/UART_DRIVER/SRC/UART.o
 .text          0x00000000        0x0 c:/program files (x86)/atmel/studio/7.0/toolchain/avr8/avr8-gnu-toolchain/bin/../lib/gcc/avr/5.4.0/avr5\libgcc.a(_divmodhi4.o)
 .data          0x00000000        0x0 c:/program files (x86)/atmel/studio/7.0/toolchain/avr8/avr8-gnu-toolchain/bin/../lib/gcc/avr/5.4.0/avr5\libgcc.a(_divmodhi4.o)
 .bss           0x00000000        0x0 c:/program files (x86)/atmel/studio/7.0/toolchain/avr8/avr8-gnu-toolchain/bin/../lib/gcc/avr/5.4.0/avr5\libgcc.a(_divmodhi4.o)
 .text.libgcc.mul
                0x00000000        0x0 c:/program files (x86)/atmel/studio/7.0/toolchain/avr8/avr8-gnu-toolchain/bin/../lib/gcc/avr/5.4.0/avr5\libgcc.a(_divmodhi4.o)
 .text.libgcc.div
                0x00000000       0x28 c:/program files (x86)/atmel/studio/7.0/toolchain/avr8/avr8-gnu-toolchain/bin/../lib/gcc/avr/5.4.0/avr5\libgcc.a(_divmodhi4.o)
 .text.libgcc   0x00000000        0x0 c:/program files (x86)/atmel/studio/7.0/toolchain/avr8/avr8-gnu-toolchain/bin/../lib/gcc/avr/5.4.0/avr5\libgcc.a(_divmodhi4.o)
 .text.libgcc.prologue
                0x00000000        0x0 c:/program files (x86)/atmel/studio/7.0/toolchain/avr8/avr8-gnu-toolchain/bin/../lib/gcc/avr/5.4.0/avr5\libgcc.a(_divmodhi4.o)
 .text.libgcc.builtins
                0x00000000        0x0 c:/program files (x86)/atmel/studio/7.0/toolchain/avr8/avr8-gnu-toolchain/bin/../lib/gcc/avr/5.4.0/avr5\libgcc.a(_divmodhi4.o)
 .text.libgcc.fmul
                0x00000000        0x0 c:/program files (x86)/atmel/studio/7.0/toolchain/avr8/avr8-gnu-toolchain/bin/../lib/gcc/avr/5.4.0/avr5\libgcc.a(_divmodhi4.o)
 .text.libgcc.fixed
                0x00000000        0x0 c:/program files (x86)/atmel/studio/7.0/toolchain/avr8/avr8-gnu-toolchain/bin/../lib/gcc/avr/5.4.0/avr5\libgcc.a(_divmodhi4.o)
 .text          0x00000000        0x0 c:/program files (x86)/atmel/studio/7.0/toolchain/avr8/avr8-gnu-toolchain/bin/../lib/gcc/avr/5.4.0/avr5\libgcc.a(_exit.o)
 .data          0x00000000        0x0 c:/program files (x86)/atmel/studio/7.0/toolchain/avr8/avr8-gnu-toolchain/bin/../lib/gcc/avr/5.4.0/avr5\libgcc.a(_exit.o)
 .bss           0x00000000        0x0 c:/program files (x86)/atmel/studio/7.0/toolchain/avr8/avr8-gnu-toolchain/bin/../lib/gcc/avr/5.4.0/avr5\libgcc.a(_exit.o)
 .text.libgcc.mul
                0x00000000        0x0 c:/program files (x86)/atmel/studio/7.0/toolchain/avr8/avr8-gnu-toolchain/bin/../lib/gcc/avr/5.4.0/avr5\libgcc.a(_exit.o)
 .text.libgcc.div
                0x00000000        0x0 c:/program files (x86)/atmel/studio/7.0/toolchain/avr8/avr8-gnu-toolchain/bin/../lib/gcc/avr/5.4.0/avr5\libgcc.a(_exit.o)
 .text.libgcc   0x00000000        0x0 c:/program files (x86)/atmel/studio/7.0/toolchain/avr8/avr8-gnu-toolchain/bin/../lib/gcc/avr/5.4.0/avr5\libgcc.a(_exit.o)
 .text.libgcc.prologue
                0x00000000        0x0 c:/program files (x86)/atmel/studio/7.0/toolchain/avr8/avr8-gnu-toolchain/bin/../lib/gcc/avr/5.4.0/avr5\libgcc.a(_exit.o)
 .text.libgcc.builtins
                0x00000000        0x0 c:/program files (x86)/atmel/studio/7.0/toolchain/avr8/avr8-gnu-toolchain/bin/../lib/gcc/avr/5.4.0/avr5\libgcc.a(_exit.o)
 .text.libgcc.fmul
                0x00000000        0x0 c:/program files (x86)/atmel/studio/7.0/toolchain/avr8/avr8-gnu-toolchain/bin/../lib/gcc/avr/5.4.0/avr5\libgcc.a(_exit.o)
 .text.libgcc.fixed
                0x00000000        0x0 c:/program files (x86)/atmel/studio/7.0/toolchain/avr8/avr8-gnu-toolchain/bin/../lib/gcc/avr/5.4.0/avr5\libgcc.a(_exit.o)
 .text          0x00000000        0x0 c:/program files (x86)/atmel/studio/7.0/toolchain/avr8/avr8-gnu-toolchain/bin/../lib/gcc/avr/5.4.0/avr5\libgcc.a(_copy_data.o)
 .data          0x00000000        0x0 c:/program files (x86)/atmel/studio/7.0/toolchain/avr8/avr8-gnu-toolchain/bin/../lib/gcc/avr/5.4.0/avr5\libgcc.a(_copy_data.o)
 .bss           0x00000000        0x0 c:/program files (x86)/atmel/studio/7.0/toolchain/avr8/avr8-gnu-toolchain/bin/../lib/gcc/avr/5.4.0/avr5\libgcc.a(_copy_data.o)
 .text.libgcc.mul
                0x00000000        0x0 c:/program files (x86)/atmel/studio/7.0/toolchain/avr8/avr8-gnu-toolchain/bin/../lib/gcc/avr/5.4.0/avr5\libgcc.a(_copy_data.o)
 .text.libgcc.div
                0x00000000        0x0 c:/program files (x86)/atmel/studio/7.0/toolchain/avr8/avr8-gnu-toolchain/bin/../lib/gcc/avr/5.4.0/avr5\libgcc.a(_copy_data.o)
 .text.libgcc   0x00000000        0x0 c:/program files (x86)/atmel/studio/7.0/toolchain/avr8/avr8-gnu-toolchain/bin/../lib/gcc/avr/5.4.0/avr5\libgcc.a(_copy_data.o)
 .text.libgcc.prologue
                0x00000000        0x0 c:/program files (x86)/atmel/studio/7.0/toolchain/avr8/avr8-gnu-toolchain/bin/../lib/gcc/avr/5.4.0/avr5\libgcc.a(_copy_data.o)
 .text.libgcc.builtins
                0x00000000        0x0 c:/program files (x86)/atmel/studio/7.0/toolchain/avr8/avr8-gnu-toolchain/bin/../lib/gcc/avr/5.4.0/avr5\libgcc.a(_copy_data.o)
 .text.libgcc.fmul
                0x00000000        0x0 c:/program files (x86)/atmel/studio/7.0/toolchain/avr8/avr8-gnu-toolchain/bin/../lib/gcc/avr/5.4.0/avr5\libgcc.a(_copy_data.o)
 .text.libgcc.fixed
                0x00000000        0x0 c:/program files (x86)/atmel/studio/7.0/toolchain/avr8/avr8-gnu-toolchain/bin/../lib/gcc/avr/5.4.0/avr5\libgcc.a(_copy_data.o)
 .text          0x00000000        0x0 c:/program files (x86)/atmel/studio/7.0/toolchain/avr8/avr8-gnu-toolchain/bin/../lib/gcc/avr/5.4.0/avr5\libgcc.a(_clear_bss.o)
 .data          0x00000000        0x0 c:/program files (x86)/atmel/studio/7.0/toolchain/avr8/avr8-gnu-toolchain/bin/../lib/gcc/avr/5.4.0/avr5\libgcc.a(_clear_bss.o)
 .bss           0x00000000        0x0 c:/program files (x86)/atmel/studio/7.0/toolchain/avr8/avr8-gnu-toolchain/bin/../lib/gcc/avr/5.4.0/avr5\libgcc.a(_clear_bss.o)
 .text.libgcc.mul
                0x00000000        0x0 c:/program files (x86)/atmel/studio/7.0/toolchain/avr8/avr8-gnu-toolchain/bin/../lib/gcc/avr/5.4.0/avr5\libgcc.a(_clear_bss.o)
 .text.libgcc.div
                0x00000000        0x0 c:/program files (x86)/atmel/studio/7.0/toolchain/avr8/avr8-gnu-toolchain/bin/../lib/gcc/avr/5.4.0/avr5\libgcc.a(_clear_bss.o)
 .text.libgcc   0x00000000        0x0 c:/program files (x86)/atmel/studio/7.0/toolchain/avr8/avr8-gnu-toolchain/bin/../lib/gcc/avr/5.4.0/avr5\libgcc.a(_clear_bss.o)
 .text.libgcc.prologue
                0x00000000        0x0 c:/program files (x86)/atmel/studio/7.0/toolchain/avr8/avr8-gnu-toolchain/bin/../lib/gcc/avr/5.4.0/avr5\libgcc.a(_clear_bss.o)
 .text.libgcc.builtins
                0x00000000        0x0 c:/program files (x86)/atmel/studio/7.0/toolchain/avr8/avr8-gnu-toolchain/bin/../lib/gcc/avr/5.4.0/avr5\libgcc.a(_clear_bss.o)
 .text.libgcc.fmul
                0x00000000        0x0 c:/program files (x86)/atmel/studio/7.0/toolchain/avr8/avr8-gnu-toolchain/bin/../lib/gcc/avr/5.4.0/avr5\libgcc.a(_clear_bss.o)
 .text.libgcc.fixed
                0x00000000        0x0 c:/program files (x86)/atmel/studio/7.0/toolchain/avr8/avr8-gnu-toolchain/bin/../lib/gcc/avr/5.4.0/avr5\libgcc.a(_clear_bss.o)
 .text          0x00000000        0x0 c:/program files (x86)/atmel/studio/7.0/toolchain/avr8/avr8-gnu-toolchain/bin/../lib/gcc/avr/5.4.0/avr5\libgcc.a(_udivmodhi4.o)
 .data          0x00000000        0x0 c:/program files (x86)/atmel/studio/7.0/toolchain/avr8/avr8-gnu-toolchain/bin/../lib/gcc/avr/5.4.0/avr5\libgcc.a(_udivmodhi4.o)
 .bss           0x00000000        0x0 c:/program files (x86)/atmel/studio/7.0/toolchain/avr8/avr8-gnu-toolchain/bin/../lib/gcc/avr/5.4.0/avr5\libgcc.a(_udivmodhi4.o)
 .text.libgcc.mul
                0x00000000        0x0 c:/program files (x86)/atmel/studio/7.0/toolchain/avr8/avr8-gnu-toolchain/bin/../lib/gcc/avr/5.4.0/avr5\libgcc.a(_udivmodhi4.o)
 .text.libgcc.div
                0x00000000       0x28 c:/program files (x86)/atmel/studio/7.0/toolchain/avr8/avr8-gnu-toolchain/bin/../lib/gcc/avr/5.4.0/avr5\libgcc.a(_udivmodhi4.o)
 .text.libgcc   0x00000000        0x0 c:/program files (x86)/atmel/studio/7.0/toolchain/avr8/avr8-gnu-toolchain/bin/../lib/gcc/avr/5.4.0/avr5\libgcc.a(_udivmodhi4.o)
 .text.libgcc.prologue
                0x00000000        0x0 c:/program files (x86)/atmel/studio/7.0/toolchain/avr8/avr8-gnu-toolchain/bin/../lib/gcc/avr/5.4.0/avr5\libgcc.a(_udivmodhi4.o)
 .text.libgcc.builtins
                0x00000000        0x0 c:/program files (x86)/atmel/studio/7.0/toolchain/avr8/avr8-gnu-toolchain/bin/../lib/gcc/avr/5.4.0/avr5\libgcc.a(_udivmodhi4.o)
 .text.libgcc.fmul
                0x00000000        0x0 c:/program files (x86)/atmel/studio/7.0/toolchain/avr8/avr8-gnu-toolchain/bin/../lib/gcc/avr/5.4.0/avr5\libgcc.a(_udivmodhi4.o)
 .text.libgcc.fixed
                0x00000000        0x0 c:/program files (x86)/atmel/studio/7.0/toolchain/avr8/avr8-gnu-toolchain/bin/../lib/gcc/avr/5.4.0/avr5\libgcc.a(_udivmodhi4.o)

Memory Configuration

Name             Origin             Length             Attributes
text             0x00000000         0x00008000         xr
data             0x00800060         0x00000800         rw !x
eeprom           0x00810000         0x00000400         rw !x
fuse             0x00820000         0x00000002         rw !x
lock             0x00830000         0x00000400         rw !x
signature        0x00840000         0x00000400         rw !x
user_signatures  0x00850000         0x00000400         rw !x
*default*        0x00000000         0xffffffff

Linker script and memory map

LOAD C:/Program Files (x86)/Atmel/Studio/7.0/Packs/atmel/ATmega_DFP/1.7.374/gcc/dev/atmega32/avr5/crtatmega32.o
LOAD HAL/BUUTON_DRIVER/SRC/BUTTONs.o
LOAD HAL/BUZZER_DRIVER/SRC/BUZ.o
LOAD HAL/KEYPAD_DRIVER/SRC/KEYPAD.o
LOAD HAL/LCD_DRIVER/SRC/LCD.o
LOAD HAL/LED_DRIVER/SRC/LED.o
LOAD main.o
LOAD Mcal/DIO_DRIVER/SRC/DIO.o
LOAD Mcal/EEPROM/SRC/EEPROM.o
LOAD Mcal/EXTERNAL_INTERRUPT/SRC/EX_INTERRUPT.o
LOAD Mcal/GLOBAL_INTERRUPT/SRC/GLOBAL_INTERRUPT.o
LOAD Mcal/I2C_DRIVER/SRC/I2C.o
LOAD Mcal/ICU_DRIVER/SRC/ICU.o
LOAD Mcal/SPI_DRIVER/SRC/SPI.o
LOAD Mcal/TIMER0_DRIVER/SRC/TIMER0.o
LOAD Mcal/UART_DRIVER/SRC/UART.o
START GROUP
LOAD c:/program files (x86)/atmel/studio/7.0/toolchain/avr8/avr8-gnu-toolchain/bin/../lib/gcc/avr/5.4.0/../../../../avr/lib/avr5\libm.a
END GROUP
START GROUP
LOAD c:/program files (x86)/atmel/studio/7.0/toolchain/avr8/avr8-gnu-toolchain/bin/../lib/gcc/avr/5.4.0/avr5\libgcc.a
LOAD c:/program files (x86)/atmel/studio/7.0/toolchain/avr8/avr8-gnu-toolchain/bin/../lib/gcc/avr/5.4.0/../../../../avr/lib/avr5\libm.a
LOAD c:/program files (x86)/atmel/studio/7.0/toolchain/avr8/avr8-gnu-toolchain/bin/../lib/gcc/avr/5.4.0/../../../../avr/lib/avr5\libc.a
LOAD C:/Program Files (x86)/Atmel/Studio/7.0/Packs/atmel/ATmega_DFP/1.7.374/gcc/dev/atmega32/avr5\libatmega32.a
END GROUP
                0x00000000                __TEXT_REGION_ORIGIN__ = DEFINED (__TEXT_REGION_ORIGIN__)?__TEXT_REGION_ORIGIN__:0x0
                [0x00800060]                __DATA_REGION_ORIGIN__ = DEFINED (__DATA_REGION_ORIGIN__)?__DATA_REGION_ORIGIN__:0x800060
                [0x00008000]                __TEXT_REGION_LENGTH__ = DEFINED (__TEXT_REGION_LENGTH__)?__TEXT_REGION_LENGTH__:0x20000
                [0x00000800]                __DATA_REGION_LENGTH__ = DEFINED (__DATA_REGION_LENGTH__)?__DATA_REGION_LENGTH__:0xffa0
                [0x00000400]                __EEPROM_REGION_LENGTH__ = DEFINED (__EEPROM_REGION_LENGTH__)?__EEPROM_REGION_LENGTH__:0x10000
                [0x00000002]                __FUSE_REGION_LENGTH__ = DEFINED (__FUSE_REGION_LENGTH__)?__FUSE_REGION_LENGTH__:0x400
                0x00000400                __LOCK_REGION_LENGTH__ = DEFINED (__LOCK_REGION_LENGTH__)?__LOCK_REGION_LENGTH__:0x400
                0x00000400                __SIGNATURE_REGION_LENGTH__ = DEFINED (__SIGNATURE_REGION_LENGTH__)?__SIGNATURE_REGION_LENGTH__:0x400
                0x00000400                __USER_SIGNATURE_REGION_LENGTH__ = DEFINED (__USER_SIGNATURE_REGION_LENGTH__)?__USER_SIGNATURE_REGION_LENGTH__:0x400

.hash
 *(.hash)

.dynsym
 *(.dynsym)

.dynstr
 *(.dynstr)

.gnu.version
 *(.gnu.version)

.gnu.version_d
 *(.gnu.version_d)

.gnu.version_r
 *(.gnu.version_r)

.rel.init
 *(.rel.init)

.rela.init
 *(.rela.init)

.rel.text
 *(.rel.text)
 *(.rel.text.*)
 *(.rel.gnu.linkonce.t*)

.rela.text
 *(.rela.text)
 *(.rela.text.*)
 *(.rela.gnu.linkonce.t*)

.rel.fini
 *(.rel.fini)

.rela.fini
 *(.rela.fini)

.rel.rodata
 *(.rel.rodata)
 *(.rel.rodata.*)
 *(.rel.gnu.linkonce.r*)

.rela.rodata
 *(.rela.rodata)
 *(.rela.rodata.*)
 *(.rela.gnu.linkonce.r*)

.rel.data
 *(.rel.data)
 *(.rel.data.*)
 *(.rel.gnu.linkonce.d*)

.rela.data
 *(.rela.data)
 *(.rela.data.*)
 *(.rela.gnu.linkonce.d*)

.rel.ctors
 *(.rel.ctors)

.rela.ctors
 *(.rela.ctors)

.rel.dtors
 *(.rel.dtors)

.rela.dtors
 *(.rela.dtors)

.rel.got
 *(.rel.got)

.rela.got
 *(.rela.got)

.rel.bss
 *(.rel.bss)

.rela.bss
 *(.rela.bss)

.rel.plt
 *(.rel.plt)

.rela.plt
 *(.rela.plt)

.text           0x00000000      0x38e
 *(.vectors)
 .vectors       0x00000000       0x54 C:/Program Files (x86)/Atmel/Studio/7.0/Packs/atmel/ATmega_DFP/1.7.374/gcc/dev/atmega32/avr5/crtatmega32.o
                0x00000000                __vector_default
                0x00000000                __vectors
 *(.vectors)
 *(.progmem.gcc*)
                0x00000054                . = ALIGN (0x2)
                0x00000054                __trampolines_start = .
 *(.trampolines)
 .trampolines   0x00000054        0x0 linker stubs
 *(.trampolines*)
                0x00000054                __trampolines_end = .
 *libprintf_flt.a:*(.progmem.data)
 *libc.a:*(.progmem.data)
 *(.progmem*)
                0x00000054                . = ALIGN (0x2)
 *(.jumptables)
 *(.jumptables*)
 *(.lowtext)
 *(.lowtext*)
                0x00000054                __ctors_start = .
 *(.ctors)
                0x00000054                __ctors_end = .
                0x00000054                __dtors_start = .
 *(.dtors)
                0x00000054                __dtors_end = .
 SORT(*)(.ctors)
 SORT(*)(.dtors)
 *(.init0)
 .init0         0x00000054        0x0 C:/Program Files (x86)/Atmel/Studio/7.0/Packs/atmel/ATmega_DFP/1.7.374/gcc/dev/atmega32/avr5/crtatmega32.o
                0x00000054                __init
 *(.init0)
 *(.init1)
 *(.init1)
 *(.init2)
 .init2         0x00000054        0xc C:/Program Files (x86)/Atmel/Studio/7.0/Packs/atmel/ATmega_DFP/1.7.374/gcc/dev/atmega32/avr5/crtatmega32.o
 *(.init2)
 *(.init3)
 *(.init3)
 *(.init4)
 .init4         0x00000060       0x16 c:/program files (x86)/atmel/studio/7.0/toolchain/avr8/avr8-gnu-toolchain/bin/../lib/gcc/avr/5.4.0/avr5\libgcc.a(_copy_data.o)
                0x00000060                __do_copy_data
 .init4         0x00000076       0x10 c:/program files (x86)/atmel/studio/7.0/toolchain/avr8/avr8-gnu-toolchain/bin/../lib/gcc/avr/5.4.0/avr5\libgcc.a(_clear_bss.o)
                0x00000076                __do_clear_bss
 *(.init4)
 *(.init5)
 *(.init5)
 *(.init6)
 *(.init6)
 *(.init7)
 *(.init7)
 *(.init8)
 *(.init8)
 *(.init9)
 .init9         0x00000086        0x8 C:/Program Files (x86)/Atmel/Studio/7.0/Packs/atmel/ATmega_DFP/1.7.374/gcc/dev/atmega32/avr5/crtatmega32.o
 *(.init9)
 *(.text)
 .text          0x0000008e        0x4 C:/Program Files (x86)/Atmel/Studio/7.0/Packs/atmel/ATmega_DFP/1.7.374/gcc/dev/atmega32/avr5/crtatmega32.o
                0x0000008e                __vector_12
                0x0000008e                __bad_interrupt
                0x0000008e                __vector_17
                0x0000008e                __vector_19
                0x0000008e                __vector_7
                0x0000008e                __vector_5
                0x0000008e                __vector_4
                0x0000008e                __vector_9
                0x0000008e                __vector_8
                0x0000008e                __vector_14
                0x0000008e                __vector_16
                0x0000008e                __vector_18
                0x0000008e                __vector_20
                0x00000092                . = ALIGN (0x2)
 *(.text.*)
 .text.main     0x00000092        0x2 main.o
                0x00000092                main
 .text.__vector_1
                0x00000094       0x52 Mcal/EXTERNAL_INTERRUPT/SRC/EX_INTERRUPT.o
                0x00000094                __vector_1
 .text.__vector_2
                0x000000e6       0x52 Mcal/EXTERNAL_INTERRUPT/SRC/EX_INTERRUPT.o
                0x000000e6                __vector_2
 .text.__vector_3
                0x00000138       0x52 Mcal/EXTERNAL_INTERRUPT/SRC/EX_INTERRUPT.o
                0x00000138                __vector_3
 .text.TIMER1_Stop
                0x0000018a       0x14 Mcal/ICU_DRIVER/SRC/ICU.o
                0x0000018a                TIMER1_Stop
 .text.__vector_6
                0x0000019e       0xa4 Mcal/ICU_DRIVER/SRC/ICU.o
                0x0000019e                __vector_6
 .text.__vector_11
                0x00000242       0x52 Mcal/TIMER0_DRIVER/SRC/TIMER0.o
                0x00000242                __vector_11
 .text.__vector_10
                0x00000294       0x52 Mcal/TIMER0_DRIVER/SRC/TIMER0.o
                0x00000294                __vector_10
 .text.__vector_13
                0x000002e6       0x52 Mcal/UART_DRIVER/SRC/UART.o
                0x000002e6                __vector_13
 .text.__vector_15
                0x00000338       0x52 Mcal/UART_DRIVER/SRC/UART.o
                0x00000338                __vector_15
                0x0000038a                . = ALIGN (0x2)
 *(.fini9)
 .fini9         0x0000038a        0x0 c:/program files (x86)/atmel/studio/7.0/toolchain/avr8/avr8-gnu-toolchain/bin/../lib/gcc/avr/5.4.0/avr5\libgcc.a(_exit.o)
                0x0000038a                _exit
                0x0000038a                exit
 *(.fini9)
 *(.fini8)
 *(.fini8)
 *(.fini7)
 *(.fini7)
 *(.fini6)
 *(.fini6)
 *(.fini5)
 *(.fini5)
 *(.fini4)
 *(.fini4)
 *(.fini3)
 *(.fini3)
 *(.fini2)
 *(.fini2)
 *(.fini1)
 *(.fini1)
 *(.fini0)
 .fini0         0x0000038a        0x4 c:/program files (x86)/atmel/studio/7.0/toolchain/avr8/avr8-gnu-toolchain/bin/../lib/gcc/avr/5.4.0/avr5\libgcc.a(_exit.o)
 *(.fini0)
                0x0000038e                _etext = .

.data           0x00800060        0x0 load address 0x0000038e
                0x00800060                PROVIDE (__data_start, .)
 *(.data)
 *(.data*)
 *(.gnu.linkonce.d*)
 *(.rodata)
 *(.rodata*)
 *(.gnu.linkonce.r*)
                0x00800060                . = ALIGN (0x2)
                0x00800060                _edata = .
                0x00800060                PROVIDE (__data_end, .)

.bss            0x00800060       0x15
                0x00800060                PROVIDE (__bss_start, .)
 *(.bss)
 *(.bss*)
 .bss.INT2_ptr  0x00800060        0x2 Mcal/EXTERNAL_INTERRUPT/SRC/EX_INTERRUPT.o
                0x00800060                INT2_ptr
 .bss.INT1_ptr  0x00800062        0x2 Mcal/EXTERNAL_INTERRUPT/SRC/EX_INTERRUPT.o
                0x00800062                INT1_ptr
 .bss.INT0_ptr  0x00800064        0x2 Mcal/EXTERNAL_INTERRUPT/SRC/EX_INTERRUPT.o
                0x00800064                INT0_ptr
 .bss.old_value.1670
                0x00800066        0x2 Mcal/ICU_DRIVER/SRC/ICU.o
 .bss.flag.1669
                0x00800068        0x1 Mcal/ICU_DRIVER/SRC/ICU.o
 .bss.second_catch
                0x00800069        0x2 Mcal/ICU_DRIVER/SRC/ICU.o
 .bss.first_catch
                0x0080006b        0x2 Mcal/ICU_DRIVER/SRC/ICU.o
 .bss.PTR_ONCOMP
                0x0080006d        0x2 Mcal/TIMER0_DRIVER/SRC/TIMER0.o
                0x0080006d                PTR_ONCOMP
 .bss.PTR_OVERFLOW
                0x0080006f        0x2 Mcal/TIMER0_DRIVER/SRC/TIMER0.o
                0x0080006f                PTR_OVERFLOW
 .bss.UART_TX_INTERRUPT
                0x00800071        0x2 Mcal/UART_DRIVER/SRC/UART.o
                0x00800071                UART_TX_INTERRUPT
 .bss.UART_RX_INTERRUPT
                0x00800073        0x2 Mcal/UART_DRIVER/SRC/UART.o
                0x00800073                UART_RX_INTERRUPT
 *(COMMON)
                0x00800075                PROVIDE (__bss_end, .)
                0x0000038e                __data_load_start = LOADADDR (.data)
                0x0000038e                __data_load_end = (__data_load_start + SIZEOF (.data))

.noinit         0x00800075        0x0
                [!provide]                PROVIDE (__noinit_start, .)
 *(.noinit*)
                [!provide]                PROVIDE (__noinit_end, .)
                0x00800075                _end = .
                [!provide]                PROVIDE (__heap_start, .)

.eeprom         0x00810000        0x0
 *(.eeprom*)
                0x00810000                __eeprom_end = .

.fuse
 *(.fuse)
 *(.lfuse)
 *(.hfuse)
 *(.efuse)

.lock
 *(.lock*)

.signature
 *(.signature*)

.user_signatures
 *(.user_signatures*)

.stab
 *(.stab)

.stabstr
 *(.stabstr)

.stab.excl
 *(.stab.excl)

.stab.exclstr
 *(.stab.exclstr)

.stab.index
 *(.stab.index)

.stab.indexstr
 *(.stab.indexstr)

.comment        0x00000000       0x30
 *(.comment)
 .comment       0x00000000       0x30 main.o
                                 0x31 (size before relaxing)
 .comment       0x00000030       0x31 Mcal/EXTERNAL_INTERRUPT/SRC/EX_INTERRUPT.o
 .comment       0x00000030       0x31 Mcal/ICU_DRIVER/SRC/ICU.o
 .comment       0x00000030       0x31 Mcal/TIMER0_DRIVER/SRC/TIMER0.o
 .comment       0x00000030       0x31 Mcal/UART_DRIVER/SRC/UART.o

.note.gnu.avr.deviceinfo
                0x00000000       0x3c
 .note.gnu.avr.deviceinfo
                0x00000000       0x3c C:/Program Files (x86)/Atmel/Studio/7.0/Packs/atmel/ATmega_DFP/1.7.374/gcc/dev/atmega32/avr5/crtatmega32.o

.note.gnu.build-id
 *(.note.gnu.build-id)

.debug
 *(.debug)

.line
 *(.line)

.debug_srcinfo
 *(.debug_srcinfo)

.debug_sfnames
 *(.debug_sfnames)

.debug_aranges  0x00000000      0x180
 *(.debug_aranges)
 .debug_aranges
                0x00000000       0x20 main.o
 .debug_aranges
                0x00000020       0x40 Mcal/EXTERNAL_INTERRUPT/SRC/EX_INTERRUPT.o
 .debug_aranges
                0x00000060       0x48 Mcal/ICU_DRIVER/SRC/ICU.o
 .debug_aranges
                0x000000a8       0x80 Mcal/TIMER0_DRIVER/SRC/TIMER0.o
 .debug_aranges
                0x00000128       0x58 Mcal/UART_DRIVER/SRC/UART.o

.debug_pubnames
 *(.debug_pubnames)

.debug_info     0x00000000      0xef2
 *(.debug_info .gnu.linkonce.wi.*)
 .debug_info    0x00000000      0x4e6 C:/Program Files (x86)/Atmel/Studio/7.0/Packs/atmel/ATmega_DFP/1.7.374/gcc/dev/atmega32/avr5/crtatmega32.o
 .debug_info    0x000004e6       0x7d main.o
 .debug_info    0x00000563      0x1d5 Mcal/EXTERNAL_INTERRUPT/SRC/EX_INTERRUPT.o
 .debug_info    0x00000738      0x24f Mcal/ICU_DRIVER/SRC/ICU.o
 .debug_info    0x00000987      0x341 Mcal/TIMER0_DRIVER/SRC/TIMER0.o
 .debug_info    0x00000cc8      0x22a Mcal/UART_DRIVER/SRC/UART.o

.debug_abbrev   0x00000000      0x95f
 *(.debug_abbrev)
 .debug_abbrev  0x00000000      0x4a3 C:/Program Files (x86)/Atmel/Studio/7.0/Packs/atmel/ATmega_DFP/1.7.374/gcc/dev/atmega32/avr5/crtatmega32.o
 .debug_abbrev  0x000004a3       0x49 main.o
 .debug_abbrev  0x000004ec       0xd1 Mcal/EXTERNAL_INTERRUPT/SRC/EX_INTERRUPT.o
 .debug_abbrev  0x000005bd      0x109 Mcal/ICU_DRIVER/SRC/ICU.o
 .debug_abbrev  0x000006c6      0x146 Mcal/TIMER0_DRIVER/SRC/TIMER0.o
 .debug_abbrev  0x0000080c      0x153 Mcal/UART_DRIVER/SRC/UART.o

.debug_line     0x00000000      0xb9f
 *(.debug_line .debug_line.* .debug_line_end)
 .debug_line    0x00000000      0x116 C:/Program Files (x86)/Atmel/Studio/7.0/Packs/atmel/ATmega_DFP/1.7.374/gcc/dev/atmega32/avr5/crtatmega32.o
 .debug_line    0x00000116       0x39 main.o
 .debug_line    0x0000014f      0x29a Mcal/EXTERNAL_INTERRUPT/SRC/EX_INTERRUPT.o
 .debug_line    0x000003e9      0x221 Mcal/ICU_DRIVER/SRC/ICU.o
 .debug_line    0x0000060a      0x3b0 Mcal/TIMER0_DRIVER/SRC/TIMER0.o
 .debug_line    0x000009ba      0x1e5 Mcal/UART_DRIVER/SRC/UART.o

.debug_frame    0x00000000      0x4d0
 *(.debug_frame)
 .debug_frame   0x00000000       0x24 main.o
 .debug_frame   0x00000024      0x13c Mcal/EXTERNAL_INTERRUPT/SRC/EX_INTERRUPT.o
 .debug_frame   0x00000160       0xbc Mcal/ICU_DRIVER/SRC/ICU.o
 .debug_frame   0x0000021c      0x17c Mcal/TIMER0_DRIVER/SRC/TIMER0.o
 .debug_frame   0x00000398      0x138 Mcal/UART_DRIVER/SRC/UART.o

.debug_str      0x00000000      0x791
 *(.debug_str)
 .debug_str     0x00000000      0x196 C:/Program Files (x86)/Atmel/Studio/7.0/Packs/atmel/ATmega_DFP/1.7.374/gcc/dev/atmega32/avr5/crtatmega32.o
 .debug_str     0x00000196      0x147 main.o
                                0x17b (size before relaxing)
 .debug_str     0x000002dd      0x12a Mcal/EXTERNAL_INTERRUPT/SRC/EX_INTERRUPT.o
                                0x299 (size before relaxing)
 .debug_str     0x00000407      0x121 Mcal/ICU_DRIVER/SRC/ICU.o
                                0x2cc (size before relaxing)
 .debug_str     0x00000528      0x196 Mcal/TIMER0_DRIVER/SRC/TIMER0.o
                                0x38e (size before relaxing)
 .debug_str     0x000006be       0xd3 Mcal/UART_DRIVER/SRC/UART.o
                                0x265 (size before relaxing)

.debug_loc      0x00000000      0xaa5
 *(.debug_loc)
 .debug_loc     0x00000000      0x307 Mcal/EXTERNAL_INTERRUPT/SRC/EX_INTERRUPT.o
 .debug_loc     0x00000307      0x1cc Mcal/ICU_DRIVER/SRC/ICU.o
 .debug_loc     0x000004d3      0x31f Mcal/TIMER0_DRIVER/SRC/TIMER0.o
 .debug_loc     0x000007f2      0x2b3 Mcal/UART_DRIVER/SRC/UART.o

.debug_macinfo
 *(.debug_macinfo)

.debug_weaknames
 *(.debug_weaknames)

.debug_funcnames
 *(.debug_funcnames)

.debug_typenames
 *(.debug_typenames)

.debug_varnames
 *(.debug_varnames)

.debug_pubtypes
 *(.debug_pubtypes)

.debug_ranges   0x00000000      0x130
 *(.debug_ranges)
 .debug_ranges  0x00000000       0x10 main.o
 .debug_ranges  0x00000010       0x30 Mcal/EXTERNAL_INTERRUPT/SRC/EX_INTERRUPT.o
 .debug_ranges  0x00000040       0x38 Mcal/ICU_DRIVER/SRC/ICU.o
 .debug_ranges  0x00000078       0x70 Mcal/TIMER0_DRIVER/SRC/TIMER0.o
 .debug_ranges  0x000000e8       0x48 Mcal/UART_DRIVER/SRC/UART.o

.debug_macro
 *(.debug_macro)
OUTPUT(AtMega_Device_Driver.elf elf32-avr)
LOAD linker stubs
